// Jest Snapshot v1, https://goo.gl/fbAQLP

exports[`Missions view renders correctly 1`] = `
<div
  className="row"
>
  <div
    className="col-md-6"
  >
    <h2>
      My Missions
    </h2>
    <div
      className="list-group"
      onKeyDown={[Function]}
    />
  </div>
  <div
    className="col-md-6"
  >
    <h2>
      My Rockets
    </h2>
    <div
      className="list-group"
      onKeyDown={[Function]}
    />
  </div>
</div>
`;
